Component: ARM Compiler 5.06 update 6 (build 750) Tool: armlink [4d35ed]

==============================================================================

Section Cross References

    system_mkl25z4.o(.text) refers to uidiv.o(.text) for __aeabi_uidivmod
    system_mkl25z4.o(.text) refers to system_mkl25z4.o(i.__ARM_common_switch8) for __ARM_common_switch8
    system_mkl25z4.o(.text) refers to system_mkl25z4.o(.data) for SystemCoreClock
    startup_mkl25z4.o(RESET) refers to startup_mkl25z4.o(STACK) for __initial_sp
    startup_mkl25z4.o(RESET) refers to startup_mkl25z4.o(.text) for Reset_Handler
    startup_mkl25z4.o(RESET) refers to main.o(.text) for PIT_IRQHandler
    startup_mkl25z4.o(.text) refers to system_mkl25z4.o(.text) for SystemInit
    startup_mkl25z4.o(.text) refers to entry.o(.ARM.Collect$$$$00000000) for __main
    main.o(.text) refers to fflti.o(.text) for __aeabi_i2f
    main.o(.text) refers to f2d.o(.text) for __aeabi_f2d
    main.o(.text) refers to cdcmple.o(.text) for __aeabi_cdcmple
    main.o(.text) refers to cfrcmple.o(.text) for __aeabi_cfrcmple
    main.o(.text) refers to dmul.o(.text) for __aeabi_dmul
    main.o(.text) refers to dadd.o(.text) for __aeabi_dsub
    main.o(.text) refers to d2f.o(.text) for __aeabi_d2f
    main.o(.text) refers to fmul.o(.text) for __aeabi_fmul
    main.o(.text) refers to fadd.o(.text) for __aeabi_fadd
    main.o(.text) refers to main.o(.data) for index
    main.o(.text) refers to main.o(.bss) for input
    entry.o(.ARM.Collect$$$$00000000) refers (Special) to entry10a.o(.ARM.Collect$$$$0000000D) for __rt_final_cpp
    entry.o(.ARM.Collect$$$$00000000) refers (Special) to entry11a.o(.ARM.Collect$$$$0000000F) for __rt_final_exit
    entry.o(.ARM.Collect$$$$00000000) refers (Special) to entry7b.o(.ARM.Collect$$$$00000008) for _main_clock
    entry.o(.ARM.Collect$$$$00000000) refers (Special) to entry8b.o(.ARM.Collect$$$$0000000A) for _main_cpp_init
    entry.o(.ARM.Collect$$$$00000000) refers (Special) to entry9a.o(.ARM.Collect$$$$0000000B) for _main_init
    entry.o(.ARM.Collect$$$$00000000) refers (Special) to entry5.o(.ARM.Collect$$$$00000004) for _main_scatterload
    entry.o(.ARM.Collect$$$$00000000) refers (Special) to entry2.o(.ARM.Collect$$$$00000001) for _main_stk
    fadd.o(.text) refers (Special) to iusefp.o(.text) for __I$use$fp
    fadd.o(.text) refers to fepilogue.o(.text) for _float_epilogue
    fmul.o(.text) refers (Special) to iusefp.o(.text) for __I$use$fp
    dadd.o(.text) refers (Special) to iusefp.o(.text) for __I$use$fp
    dadd.o(.text) refers to llshl.o(.text) for __aeabi_llsl
    dadd.o(.text) refers to llsshr.o(.text) for __aeabi_lasr
    dadd.o(.text) refers to depilogue.o(.text) for _double_epilogue
    dmul.o(.text) refers (Special) to iusefp.o(.text) for __I$use$fp
    dmul.o(.text) refers to depilogue.o(.text) for _double_epilogue
    fflti.o(.text) refers (Special) to iusefp.o(.text) for __I$use$fp
    fflti.o(.text) refers to fepilogue.o(.text) for _float_epilogue
    f2d.o(.text) refers (Special) to iusefp.o(.text) for __I$use$fp
    cdcmple.o(.text) refers (Special) to iusefp.o(.text) for __I$use$fp
    d2f.o(.text) refers (Special) to iusefp.o(.text) for __I$use$fp
    d2f.o(.text) refers to fepilogue.o(.text) for _float_round
    cfrcmple.o(.text) refers (Special) to iusefp.o(.text) for __I$use$fp
    entry2.o(.ARM.Collect$$$$00000001) refers to entry2.o(.ARM.Collect$$$$00002712) for __lit__00000000
    entry2.o(.ARM.Collect$$$$00002712) refers to startup_mkl25z4.o(STACK) for __initial_sp
    entry2.o(__vectab_stack_and_reset_area) refers to startup_mkl25z4.o(STACK) for __initial_sp
    entry2.o(__vectab_stack_and_reset_area) refers to entry.o(.ARM.Collect$$$$00000000) for __main
    entry5.o(.ARM.Collect$$$$00000004) refers to init.o(.text) for __scatterload
    entry9a.o(.ARM.Collect$$$$0000000B) refers to main.o(.text) for main
    entry9b.o(.ARM.Collect$$$$0000000C) refers to main.o(.text) for main
    depilogue.o(.text) refers to depilogue.o(i.__ARM_clz) for __ARM_clz
    depilogue.o(.text) refers to llshl.o(.text) for __aeabi_llsl
    depilogue.o(.text) refers to llushr.o(.text) for __aeabi_llsr
    init.o(.text) refers to entry5.o(.ARM.Collect$$$$00000004) for __main_after_scatterload


==============================================================================

Removing Unused input sections from the image.

    Removing system_mkl25z4.o(.rev16_text), (4 bytes).
    Removing system_mkl25z4.o(.revsh_text), (4 bytes).
    Removing startup_mkl25z4.o(HEAP), (0 bytes).
    Removing main.o(.rev16_text), (4 bytes).
    Removing main.o(.revsh_text), (4 bytes).

5 unused section(s) (total 16 bytes) removed from the image.

==============================================================================

Image Symbol Table

    Local Symbols

    Symbol Name                              Value     Ov Type        Size  Object(Section)

    RESET                                    0x00000000   Section      192  startup_mkl25z4.o(RESET)
    ../clib/microlib/division.c              0x00000000   Number         0  uidiv.o ABSOLUTE
    ../clib/microlib/init/entry.s            0x00000000   Number         0  entry7b.o ABSOLUTE
    ../clib/microlib/init/entry.s            0x00000000   Number         0  entry7a.o ABSOLUTE
    ../clib/microlib/init/entry.s            0x00000000   Number         0  entry10b.o ABSOLUTE
    ../clib/microlib/init/entry.s            0x00000000   Number         0  entry.o ABSOLUTE
    ../clib/microlib/init/entry.s            0x00000000   Number         0  entry5.o ABSOLUTE
    ../clib/microlib/init/entry.s            0x00000000   Number         0  entry2.o ABSOLUTE
    ../clib/microlib/init/entry.s            0x00000000   Number         0  entry11a.o ABSOLUTE
    ../clib/microlib/init/entry.s            0x00000000   Number         0  entry11b.o ABSOLUTE
    ../clib/microlib/init/entry.s            0x00000000   Number         0  entry10a.o ABSOLUTE
    ../clib/microlib/init/entry.s            0x00000000   Number         0  entry9b.o ABSOLUTE
    ../clib/microlib/init/entry.s            0x00000000   Number         0  entry9a.o ABSOLUTE
    ../clib/microlib/init/entry.s            0x00000000   Number         0  entry8b.o ABSOLUTE
    ../clib/microlib/init/entry.s            0x00000000   Number         0  entry8a.o ABSOLUTE
    ../clib/microlib/longlong.c              0x00000000   Number         0  llshl.o ABSOLUTE
    ../clib/microlib/longlong.c              0x00000000   Number         0  llushr.o ABSOLUTE
    ../clib/microlib/longlong.c              0x00000000   Number         0  llsshr.o ABSOLUTE
    ../clib/microlib/stubs.s                 0x00000000   Number         0  iusefp.o ABSOLUTE
    ../fplib/microlib/d2f.c                  0x00000000   Number         0  d2f.o ABSOLUTE
    ../fplib/microlib/f2d.c                  0x00000000   Number         0  f2d.o ABSOLUTE
    ../fplib/microlib/fpadd.c                0x00000000   Number         0  fadd.o ABSOLUTE
    ../fplib/microlib/fpadd.c                0x00000000   Number         0  dadd.o ABSOLUTE
    ../fplib/microlib/fpepilogue.c           0x00000000   Number         0  depilogue.o ABSOLUTE
    ../fplib/microlib/fpepilogue.c           0x00000000   Number         0  fepilogue.o ABSOLUTE
    ../fplib/microlib/fpflt.c                0x00000000   Number         0  fflti.o ABSOLUTE
    ../fplib/microlib/fpmul.c                0x00000000   Number         0  fmul.o ABSOLUTE
    ../fplib/microlib/fpmul.c                0x00000000   Number         0  dmul.o ABSOLUTE
    asm\startup_MKL25Z4.s                    0x00000000   Number         0  startup_mkl25z4.o ABSOLUTE
    cdcmple.s                                0x00000000   Number         0  cdcmple.o ABSOLUTE
    cfrcmple.s                               0x00000000   Number         0  cfrcmple.o ABSOLUTE
    dc.s                                     0x00000000   Number         0  dc.o ABSOLUTE
    handlers.s                               0x00000000   Number         0  handlers.o ABSOLUTE
    init.s                                   0x00000000   Number         0  init.o ABSOLUTE
    src\\main.c                              0x00000000   Number         0  main.o ABSOLUTE
    src\\system_MKL25Z4.c                    0x00000000   Number         0  system_mkl25z4.o ABSOLUTE
    src\main.c                               0x00000000   Number         0  main.o ABSOLUTE
    src\system_MKL25Z4.c                     0x00000000   Number         0  system_mkl25z4.o ABSOLUTE
    .ARM.Collect$$$$00000000                 0x000000c0   Section        0  entry.o(.ARM.Collect$$$$00000000)
    .ARM.Collect$$$$00000001                 0x000000c0   Section        4  entry2.o(.ARM.Collect$$$$00000001)
    .ARM.Collect$$$$00000004                 0x000000c4   Section        4  entry5.o(.ARM.Collect$$$$00000004)
    .ARM.Collect$$$$00000008                 0x000000c8   Section        0  entry7b.o(.ARM.Collect$$$$00000008)
    .ARM.Collect$$$$0000000A                 0x000000c8   Section        0  entry8b.o(.ARM.Collect$$$$0000000A)
    .ARM.Collect$$$$0000000B                 0x000000c8   Section        8  entry9a.o(.ARM.Collect$$$$0000000B)
    .ARM.Collect$$$$0000000D                 0x000000d0   Section        0  entry10a.o(.ARM.Collect$$$$0000000D)
    .ARM.Collect$$$$0000000F                 0x000000d0   Section        0  entry11a.o(.ARM.Collect$$$$0000000F)
    .ARM.Collect$$$$00002712                 0x000000d0   Section        4  entry2.o(.ARM.Collect$$$$00002712)
    __lit__00000000                          0x000000d0   Data           4  entry2.o(.ARM.Collect$$$$00002712)
    .text                                    0x000000d4   Section        0  system_mkl25z4.o(.text)
    .text                                    0x000002f0   Section       28  startup_mkl25z4.o(.text)
    .text                                    0x0000030c   Section        0  uidiv.o(.text)
    .text                                    0x00000338   Section        0  fadd.o(.text)
    .text                                    0x000003ea   Section        0  fflti.o(.text)
    .ARM.__at_0x400                          0x00000400   Section       16  startup_mkl25z4.o(.ARM.__at_0x400)
    .text                                    0x00000410   Section        0  main.o(.text)
    NVIC_ClearPendingIRQ                     0x00000a21   Thumb Code    14  main.o(.text)
    NVIC_SetPriority                         0x00000a2f   Thumb Code   110  main.o(.text)
    .text                                    0x00000ae4   Section        0  fmul.o(.text)
    .text                                    0x00000b60   Section        0  dadd.o(.text)
    .text                                    0x00000cc4   Section        0  dmul.o(.text)
    .text                                    0x00000d94   Section        0  f2d.o(.text)
    .text                                    0x00000dbc   Section       40  cdcmple.o(.text)
    .text                                    0x00000de4   Section        0  d2f.o(.text)
    .text                                    0x00000e1c   Section       20  cfrcmple.o(.text)
    .text                                    0x00000e30   Section        0  llshl.o(.text)
    .text                                    0x00000e50   Section        0  llsshr.o(.text)
    .text                                    0x00000e76   Section        0  iusefp.o(.text)
    .text                                    0x00000e76   Section        0  fepilogue.o(.text)
    .text                                    0x00000ef8   Section        0  depilogue.o(.text)
    .text                                    0x00000fb8   Section       36  init.o(.text)
    .text                                    0x00000fdc   Section        0  llushr.o(.text)
    i.__ARM_clz                              0x00000ffe   Section        0  depilogue.o(i.__ARM_clz)
    i.__ARM_common_switch8                   0x0000102c   Section        0  system_mkl25z4.o(i.__ARM_common_switch8)
    i.__scatterload_copy                     0x00001048   Section       14  handlers.o(i.__scatterload_copy)
    i.__scatterload_null                     0x00001056   Section        2  handlers.o(i.__scatterload_null)
    i.__scatterload_zeroinit                 0x00001058   Section       14  handlers.o(i.__scatterload_zeroinit)
    .data                                    0x20000000   Section        4  system_mkl25z4.o(.data)
    .data                                    0x20000004   Section      117  main.o(.data)
    index                                    0x20000074   Data           2  main.o(.data)
    bw                                       0x20000076   Data           1  main.o(.data)
    noise8                                   0x20000077   Data           1  main.o(.data)
    up_down                                  0x20000078   Data           1  main.o(.data)
    .bss                                     0x2000007c   Section     2832  main.o(.bss)
    STACK                                    0x20000b90   Section     1024  startup_mkl25z4.o(STACK)

    Global Symbols

    Symbol Name                              Value     Ov Type        Size  Object(Section)

    BuildAttributes$$THM_ISAv3M$S$PE$A:L22$X:L11$S22$IEEE1$IW$USESV6$~STKCKD$USESV7$~SHL$OTIME$ROPI$EBA8$MICROLIB$REQ8$PRES8$EABIv2 0x00000000   Number         0  anon$$obj.o ABSOLUTE
    __ARM_use_no_argv                        0x00000000   Number         0  main.o ABSOLUTE
    __Vectors                                0x00000000   Data           4  startup_mkl25z4.o(RESET)
    __cpp_initialize__aeabi_                  - Undefined Weak Reference
    __cxa_finalize                            - Undefined Weak Reference
    __decompress                              - Undefined Weak Reference
    _clock_init                               - Undefined Weak Reference
    _microlib_exit                            - Undefined Weak Reference
    __Vectors_End                            0x000000c0   Data           0  startup_mkl25z4.o(RESET)
    __Vectors_Size                           0x000000c0   Number         0  startup_mkl25z4.o ABSOLUTE
    __main                                   0x000000c1   Thumb Code     0  entry.o(.ARM.Collect$$$$00000000)
    _main_stk                                0x000000c1   Thumb Code     0  entry2.o(.ARM.Collect$$$$00000001)
    _main_scatterload                        0x000000c5   Thumb Code     0  entry5.o(.ARM.Collect$$$$00000004)
    __main_after_scatterload                 0x000000c9   Thumb Code     0  entry5.o(.ARM.Collect$$$$00000004)
    _main_clock                              0x000000c9   Thumb Code     0  entry7b.o(.ARM.Collect$$$$00000008)
    _main_cpp_init                           0x000000c9   Thumb Code     0  entry8b.o(.ARM.Collect$$$$0000000A)
    _main_init                               0x000000c9   Thumb Code     0  entry9a.o(.ARM.Collect$$$$0000000B)
    __rt_final_cpp                           0x000000d1   Thumb Code     0  entry10a.o(.ARM.Collect$$$$0000000D)
    __rt_final_exit                          0x000000d1   Thumb Code     0  entry11a.o(.ARM.Collect$$$$0000000F)
    SystemInit                               0x000000d5   Thumb Code   168  system_mkl25z4.o(.text)
    SystemCoreClockUpdate                    0x0000017d   Thumb Code   322  system_mkl25z4.o(.text)
    Reset_Handler                            0x000002f1   Thumb Code     8  startup_mkl25z4.o(.text)
    NMI_Handler                              0x000002f9   Thumb Code     2  startup_mkl25z4.o(.text)
    HardFault_Handler                        0x000002fb   Thumb Code     2  startup_mkl25z4.o(.text)
    SVC_Handler                              0x000002fd   Thumb Code     2  startup_mkl25z4.o(.text)
    PendSV_Handler                           0x000002ff   Thumb Code     2  startup_mkl25z4.o(.text)
    SysTick_Handler                          0x00000301   Thumb Code     2  startup_mkl25z4.o(.text)
    ADC0_IRQHandler                          0x00000303   Thumb Code     0  startup_mkl25z4.o(.text)
    CMP0_IRQHandler                          0x00000303   Thumb Code     0  startup_mkl25z4.o(.text)
    DAC0_IRQHandler                          0x00000303   Thumb Code     0  startup_mkl25z4.o(.text)
    DMA0_IRQHandler                          0x00000303   Thumb Code     0  startup_mkl25z4.o(.text)
    DMA1_IRQHandler                          0x00000303   Thumb Code     0  startup_mkl25z4.o(.text)
    DMA2_IRQHandler                          0x00000303   Thumb Code     0  startup_mkl25z4.o(.text)
    DMA3_IRQHandler                          0x00000303   Thumb Code     0  startup_mkl25z4.o(.text)
    DefaultISR                               0x00000303   Thumb Code     0  startup_mkl25z4.o(.text)
    FTFA_IRQHandler                          0x00000303   Thumb Code     0  startup_mkl25z4.o(.text)
    I2C0_IRQHandler                          0x00000303   Thumb Code     0  startup_mkl25z4.o(.text)
    I2C1_IRQHandler                          0x00000303   Thumb Code     0  startup_mkl25z4.o(.text)
    LLW_IRQHandler                           0x00000303   Thumb Code     0  startup_mkl25z4.o(.text)
    LPTimer_IRQHandler                       0x00000303   Thumb Code     0  startup_mkl25z4.o(.text)
    LVD_LVW_IRQHandler                       0x00000303   Thumb Code     0  startup_mkl25z4.o(.text)
    MCG_IRQHandler                           0x00000303   Thumb Code     0  startup_mkl25z4.o(.text)
    PORTA_IRQHandler                         0x00000303   Thumb Code     0  startup_mkl25z4.o(.text)
    PORTD_IRQHandler                         0x00000303   Thumb Code     0  startup_mkl25z4.o(.text)
    RTC_IRQHandler                           0x00000303   Thumb Code     0  startup_mkl25z4.o(.text)
    RTC_Seconds_IRQHandler                   0x00000303   Thumb Code     0  startup_mkl25z4.o(.text)
    Reserved20_IRQHandler                    0x00000303   Thumb Code     0  startup_mkl25z4.o(.text)
    Reserved39_IRQHandler                    0x00000303   Thumb Code     0  startup_mkl25z4.o(.text)
    Reserved45_IRQHandler                    0x00000303   Thumb Code     0  startup_mkl25z4.o(.text)
    SPI0_IRQHandler                          0x00000303   Thumb Code     0  startup_mkl25z4.o(.text)
    SPI1_IRQHandler                          0x00000303   Thumb Code     0  startup_mkl25z4.o(.text)
    TPM0_IRQHandler                          0x00000303   Thumb Code     0  startup_mkl25z4.o(.text)
    TPM1_IRQHandler                          0x00000303   Thumb Code     0  startup_mkl25z4.o(.text)
    TPM2_IRQHandler                          0x00000303   Thumb Code     0  startup_mkl25z4.o(.text)
    TSI0_IRQHandler                          0x00000303   Thumb Code     0  startup_mkl25z4.o(.text)
    UART0_IRQHandler                         0x00000303   Thumb Code     0  startup_mkl25z4.o(.text)
    UART1_IRQHandler                         0x00000303   Thumb Code     0  startup_mkl25z4.o(.text)
    UART2_IRQHandler                         0x00000303   Thumb Code     0  startup_mkl25z4.o(.text)
    USB0_IRQHandler                          0x00000303   Thumb Code     0  startup_mkl25z4.o(.text)
    __aeabi_uidiv                            0x0000030d   Thumb Code     0  uidiv.o(.text)
    __aeabi_uidivmod                         0x0000030d   Thumb Code    44  uidiv.o(.text)
    __aeabi_fadd                             0x00000339   Thumb Code   162  fadd.o(.text)
    __aeabi_fsub                             0x000003db   Thumb Code     8  fadd.o(.text)
    __aeabi_frsub                            0x000003e3   Thumb Code     8  fadd.o(.text)
    __aeabi_i2f                              0x000003eb   Thumb Code    22  fflti.o(.text)
    read_sensor_synth                        0x00000411   Thumb Code   178  main.o(.text)
    read_ADC                                 0x000004c3   Thumb Code    46  main.o(.text)
    Init_pins                                0x000004f1   Thumb Code   210  main.o(.text)
    Init_PIT                                 0x000005c3   Thumb Code   108  main.o(.text)
    Init_ADC                                 0x0000062f   Thumb Code    78  main.o(.text)
    PIT_IRQHandler                           0x0000067d   Thumb Code   138  main.o(.text)
    signal_threshold                         0x00000707   Thumb Code    94  main.o(.text)
    iir_filter                               0x00000765   Thumb Code   508  main.o(.text)
    main                                     0x00000961   Thumb Code   192  main.o(.text)
    __aeabi_fmul                             0x00000ae5   Thumb Code   122  fmul.o(.text)
    __aeabi_dadd                             0x00000b61   Thumb Code   328  dadd.o(.text)
    __aeabi_dsub                             0x00000ca9   Thumb Code    12  dadd.o(.text)
    __aeabi_drsub                            0x00000cb5   Thumb Code    12  dadd.o(.text)
    __aeabi_dmul                             0x00000cc5   Thumb Code   202  dmul.o(.text)
    __aeabi_f2d                              0x00000d95   Thumb Code    40  f2d.o(.text)
    __aeabi_cdcmpeq                          0x00000dbd   Thumb Code     0  cdcmple.o(.text)
    __aeabi_cdcmple                          0x00000dbd   Thumb Code    38  cdcmple.o(.text)
    __aeabi_d2f                              0x00000de5   Thumb Code    56  d2f.o(.text)
    __aeabi_cfrcmple                         0x00000e1d   Thumb Code    20  cfrcmple.o(.text)
    __aeabi_llsl                             0x00000e31   Thumb Code    32  llshl.o(.text)
    _ll_shift_l                              0x00000e31   Thumb Code     0  llshl.o(.text)
    __aeabi_lasr                             0x00000e51   Thumb Code    38  llsshr.o(.text)
    _ll_sshift_r                             0x00000e51   Thumb Code     0  llsshr.o(.text)
    __I$use$fp                               0x00000e77   Thumb Code     0  iusefp.o(.text)
    _float_round                             0x00000e77   Thumb Code    16  fepilogue.o(.text)
    _float_epilogue                          0x00000e87   Thumb Code   114  fepilogue.o(.text)
    _double_round                            0x00000ef9   Thumb Code    26  depilogue.o(.text)
    _double_epilogue                         0x00000f13   Thumb Code   164  depilogue.o(.text)
    __scatterload                            0x00000fb9   Thumb Code    28  init.o(.text)
    __scatterload_rt2                        0x00000fb9   Thumb Code     0  init.o(.text)
    __aeabi_llsr                             0x00000fdd   Thumb Code    34  llushr.o(.text)
    _ll_ushift_r                             0x00000fdd   Thumb Code     0  llushr.o(.text)
    __ARM_clz                                0x00000fff   Thumb Code    46  depilogue.o(i.__ARM_clz)
    __ARM_common_switch8                     0x0000102d   Thumb Code    28  system_mkl25z4.o(i.__ARM_common_switch8)
    __scatterload_copy                       0x00001049   Thumb Code    14  handlers.o(i.__scatterload_copy)
    __scatterload_null                       0x00001057   Thumb Code     2  handlers.o(i.__scatterload_null)
    __scatterload_zeroinit                   0x00001059   Thumb Code    14  handlers.o(i.__scatterload_zeroinit)
    Region$$Table$$Base                      0x00001068   Number         0  anon$$obj.o(Region$$Table)
    Region$$Table$$Limit                     0x00001088   Number         0  anon$$obj.o(Region$$Table)
    SystemCoreClock                          0x20000000   Data           4  system_mkl25z4.o(.data)
    B_numerator_taps                         0x20000004   Data          28  main.o(.data)
    A_denominator_taps                       0x20000020   Data          28  main.o(.data)
    NOTCH_NUM                                0x2000003c   Data          12  main.o(.data)
    NOTCH_DEN                                0x20000048   Data          12  main.o(.data)
    sample                                   0x20000054   Data           4  main.o(.data)
    filtered_sample                          0x20000058   Data           4  main.o(.data)
    Win                                      0x2000005c   Data           4  main.o(.data)
    Rin                                      0x20000060   Data           4  main.o(.data)
    Rout                                     0x20000064   Data           4  main.o(.data)
    Rout2                                    0x20000068   Data           4  main.o(.data)
    Rin_minus                                0x2000006c   Data           4  main.o(.data)
    Wout                                     0x20000070   Data           4  main.o(.data)
    input                                    0x2000007c   Data          32  main.o(.bss)
    window                                   0x2000009c   Data        2000  main.o(.bss)
    output1                                  0x2000086c   Data         400  main.o(.bss)
    output2                                  0x200009fc   Data         400  main.o(.bss)
    __initial_sp                             0x20000f90   Data           0  startup_mkl25z4.o(STACK)



==============================================================================

Memory Map of the image

  Image Entry point : 0x000000c1

  Load Region LR_IROM1 (Base: 0x00000000, Size: 0x00001104, Max: 0x00020000, ABSOLUTE)

    Execution Region ER_IROM1 (Exec base: 0x00000000, Load base: 0x00000000, Size: 0x00001088, Max: 0x00020000, ABSOLUTE)

    Exec Addr    Load Addr    Size         Type   Attr      Idx    E Section Name        Object

    0x00000000   0x00000000   0x000000c0   Data   RO           49    RESET               startup_mkl25z4.o
    0x000000c0   0x000000c0   0x00000000   Code   RO          104  * .ARM.Collect$$$$00000000  mc_p.l(entry.o)
    0x000000c0   0x000000c0   0x00000004   Code   RO          127    .ARM.Collect$$$$00000001  mc_p.l(entry2.o)
    0x000000c4   0x000000c4   0x00000004   Code   RO          130    .ARM.Collect$$$$00000004  mc_p.l(entry5.o)
    0x000000c8   0x000000c8   0x00000000   Code   RO          132    .ARM.Collect$$$$00000008  mc_p.l(entry7b.o)
    0x000000c8   0x000000c8   0x00000000   Code   RO          134    .ARM.Collect$$$$0000000A  mc_p.l(entry8b.o)
    0x000000c8   0x000000c8   0x00000008   Code   RO          135    .ARM.Collect$$$$0000000B  mc_p.l(entry9a.o)
    0x000000d0   0x000000d0   0x00000000   Code   RO          137    .ARM.Collect$$$$0000000D  mc_p.l(entry10a.o)
    0x000000d0   0x000000d0   0x00000000   Code   RO          139    .ARM.Collect$$$$0000000F  mc_p.l(entry11a.o)
    0x000000d0   0x000000d0   0x00000004   Code   RO          128    .ARM.Collect$$$$00002712  mc_p.l(entry2.o)
    0x000000d4   0x000000d4   0x0000021c   Code   RO            3    .text               system_mkl25z4.o
    0x000002f0   0x000002f0   0x0000001c   Code   RO           51    .text               startup_mkl25z4.o
    0x0000030c   0x0000030c   0x0000002c   Code   RO          107    .text               mc_p.l(uidiv.o)
    0x00000338   0x00000338   0x000000b2   Code   RO          109    .text               mf_p.l(fadd.o)
    0x000003ea   0x000003ea   0x00000016   Code   RO          117    .text               mf_p.l(fflti.o)
    0x00000400   0x00000400   0x00000010   Code   RO           50    .ARM.__at_0x400     startup_mkl25z4.o
    0x00000410   0x00000410   0x000006d4   Code   RO           59    .text               main.o
    0x00000ae4   0x00000ae4   0x0000007a   Code   RO          111    .text               mf_p.l(fmul.o)
    0x00000b5e   0x00000b5e   0x00000002   PAD
    0x00000b60   0x00000b60   0x00000164   Code   RO          113    .text               mf_p.l(dadd.o)
    0x00000cc4   0x00000cc4   0x000000d0   Code   RO          115    .text               mf_p.l(dmul.o)
    0x00000d94   0x00000d94   0x00000028   Code   RO          119    .text               mf_p.l(f2d.o)
    0x00000dbc   0x00000dbc   0x00000028   Code   RO          121    .text               mf_p.l(cdcmple.o)
    0x00000de4   0x00000de4   0x00000038   Code   RO          123    .text               mf_p.l(d2f.o)
    0x00000e1c   0x00000e1c   0x00000014   Code   RO          125    .text               mf_p.l(cfrcmple.o)
    0x00000e30   0x00000e30   0x00000020   Code   RO          141    .text               mc_p.l(llshl.o)
    0x00000e50   0x00000e50   0x00000026   Code   RO          143    .text               mc_p.l(llsshr.o)
    0x00000e76   0x00000e76   0x00000000   Code   RO          145    .text               mc_p.l(iusefp.o)
    0x00000e76   0x00000e76   0x00000082   Code   RO          146    .text               mf_p.l(fepilogue.o)
    0x00000ef8   0x00000ef8   0x000000be   Code   RO          148    .text               mf_p.l(depilogue.o)
    0x00000fb6   0x00000fb6   0x00000002   PAD
    0x00000fb8   0x00000fb8   0x00000024   Code   RO          152    .text               mc_p.l(init.o)
    0x00000fdc   0x00000fdc   0x00000022   Code   RO          154    .text               mc_p.l(llushr.o)
    0x00000ffe   0x00000ffe   0x0000002e   Code   RO          150    i.__ARM_clz         mf_p.l(depilogue.o)
    0x0000102c   0x0000102c   0x0000001c   Code   RO           22    i.__ARM_common_switch8  system_mkl25z4.o
    0x00001048   0x00001048   0x0000000e   Code   RO          158    i.__scatterload_copy  mc_p.l(handlers.o)
    0x00001056   0x00001056   0x00000002   Code   RO          159    i.__scatterload_null  mc_p.l(handlers.o)
    0x00001058   0x00001058   0x0000000e   Code   RO          160    i.__scatterload_zeroinit  mc_p.l(handlers.o)
    0x00001066   0x00001066   0x00000002   PAD
    0x00001068   0x00001068   0x00000020   Data   RO          156    Region$$Table       anon$$obj.o


    Execution Region RW_IRAM1 (Exec base: 0x1ffff000, Load base: 0x00001088, Size: 0x00000000, Max: 0x00001000, ABSOLUTE)

    **** No section assigned to this execution region ****


    Execution Region RW_IRAM2 (Exec base: 0x20000000, Load base: 0x00001088, Size: 0x00000f90, Max: 0x00003000, ABSOLUTE)

    Exec Addr    Load Addr    Size         Type   Attr      Idx    E Section Name        Object

    0x20000000   0x00001088   0x00000004   Data   RW            4    .data               system_mkl25z4.o
    0x20000004   0x0000108c   0x00000075   Data   RW           61    .data               main.o
    0x20000079   0x00001101   0x00000003   PAD
    0x2000007c        -       0x00000b10   Zero   RW           60    .bss                main.o
    0x20000b8c   0x00001101   0x00000004   PAD
    0x20000b90        -       0x00000400   Zero   RW           47    STACK               startup_mkl25z4.o


==============================================================================

Image component sizes


      Code (inc. data)   RO Data    RW Data    ZI Data      Debug   Object Name

      1748        190          0        117       2832     104361   main.o
        44         24        192          0       1024        920   startup_mkl25z4.o
       568         60          0          4          0       5921   system_mkl25z4.o

    ----------------------------------------------------------------------
      2360        274        224        124       3860     111202   Object Totals
         0          0         32          0          0          0   (incl. Generated)
         0          0          0          3          4          0   (incl. Padding)

    ----------------------------------------------------------------------

      Code (inc. data)   RO Data    RW Data    ZI Data      Debug   Library Member Name

         0          0          0          0          0          0   entry.o
         0          0          0          0          0          0   entry10a.o
         0          0          0          0          0          0   entry11a.o
         8          4          0          0          0          0   entry2.o
         4          0          0          0          0          0   entry5.o
         0          0          0          0          0          0   entry7b.o
         0          0          0          0          0          0   entry8b.o
         8          4          0          0          0          0   entry9a.o
        30          0          0          0          0          0   handlers.o
        36          8          0          0          0         68   init.o
         0          0          0          0          0          0   iusefp.o
        32          0          0          0          0         68   llshl.o
        38          0          0          0          0         68   llsshr.o
        34          0          0          0          0         68   llushr.o
        44          0          0          0          0         72   uidiv.o
        40          2          0          0          0         68   cdcmple.o
        20          0          0          0          0         68   cfrcmple.o
        56          0          0          0          0         68   d2f.o
       356          4          0          0          0        140   dadd.o
       236          0          0          0          0        216   depilogue.o
       208          6          0          0          0         88   dmul.o
        40          0          0          0          0         60   f2d.o
       178          0          0          0          0        108   fadd.o
       130          0          0          0          0        144   fepilogue.o
        22          0          0          0          0         68   fflti.o
       122          0          0          0          0         72   fmul.o

    ----------------------------------------------------------------------
      1648         28          0          0          0       1444   Library Totals
         6          0          0          0          0          0   (incl. Padding)

    ----------------------------------------------------------------------

      Code (inc. data)   RO Data    RW Data    ZI Data      Debug   Library Name

       234         16          0          0          0        344   mc_p.l
      1408         12          0          0          0       1100   mf_p.l

    ----------------------------------------------------------------------
      1648         28          0          0          0       1444   Library Totals

    ----------------------------------------------------------------------

==============================================================================


      Code (inc. data)   RO Data    RW Data    ZI Data      Debug   

      4008        302        224        124       3860     111946   Grand Totals
      4008        302        224        124       3860     111946   ELF Image Totals
      4008        302        224        124          0          0   ROM Totals

==============================================================================

    Total RO  Size (Code + RO Data)                 4232 (   4.13kB)
    Total RW  Size (RW Data + ZI Data)              3984 (   3.89kB)
    Total ROM Size (Code + RO Data + RW Data)       4356 (   4.25kB)

==============================================================================

